ARM Linker, 4.1 [Build 481] [Standard]

==============================================================================

Section Cross References

    startup_stm32f10x_hd.o(STACK) refers (Special) to heapauxi.o(.text) for __use_two_region_memory
    startup_stm32f10x_hd.o(HEAP) refers (Special) to heapauxi.o(.text) for __use_two_region_memory
    startup_stm32f10x_hd.o(RESET) refers (Special) to heapauxi.o(.text) for __use_two_region_memory
    startup_stm32f10x_hd.o(RESET) refers to startup_stm32f10x_hd.o(.text) for Reset_Handler
    startup_stm32f10x_hd.o(RESET) refers to os_cpu_a.o(.text) for PendSV_Handler
    startup_stm32f10x_hd.o(RESET) refers to delay.o(.text) for SysTick_Handler
    startup_stm32f10x_hd.o(RESET) refers to wdg.o(.text) for WWDG_IRQHandler
    startup_stm32f10x_hd.o(RESET) refers to rtc.o(.text) for RTC_IRQHandler
    startup_stm32f10x_hd.o(RESET) refers to wkup.o(.text) for EXTI0_IRQHandler
    startup_stm32f10x_hd.o(RESET) refers to exti.o(.text) for EXTI2_IRQHandler
    startup_stm32f10x_hd.o(RESET) refers to usmart.o(.text) for TIM2_IRQHandler
    startup_stm32f10x_hd.o(RESET) refers to timer.o(.text) for TIM3_IRQHandler
    startup_stm32f10x_hd.o(RESET) refers to usart.o(.text) for USART1_IRQHandler
    startup_stm32f10x_hd.o(RESET) refers to rs485.o(.text) for USART2_IRQHandler
    startup_stm32f10x_hd.o(.text) refers (Special) to heapauxi.o(.text) for __use_two_region_memory
    startup_stm32f10x_hd.o(.text) refers to startup_stm32f10x_hd.o(STACK) for __initial_sp
    startup_stm32f10x_hd.o(.text) refers to __main.o(!!!main) for __main
    startup_stm32f10x_hd.o(.text) refers to startup_stm32f10x_hd.o(HEAP) for Heap_Mem
    test.o(.text) refers to ili93xx.o(.text) for LCD_Clear
    test.o(.text) refers to key.o(.text) for KEY_Scan
    test.o(.text) refers to os_mbox.o(.text) for OSMboxPost
    test.o(.text) refers to delay.o(.text) for delay_ms
    test.o(.text) refers to os_sem.o(.text) for OSSemPost
    test.o(.text) refers to os_task.o(.text) for OSTaskSuspend
    test.o(.text) refers to touch.o(.text) for TP_Adjust
    test.o(.text) refers to os_core.o(.text) for OSStatInit
    test.o(.text) refers to os_cpu_a.o(.text) for OS_CPU_SR_Save
    test.o(.text) refers to sys.o(.text) for Stm32_Clock_Init
    test.o(.text) refers to usart.o(.text) for uart_init
    test.o(.text) refers to led.o(.text) for LED_Init
    test.o(.text) refers to beep.o(.text) for BEEP_Init
    test.o(.text) refers to ili93xx.o(.data) for POINT_COLOR
    test.o(.text) refers to ili93xx.o(.bss) for lcddev
    test.o(.text) refers to test.o(.data) for msg_key
    test.o(.text) refers to os_core.o(.data) for OSCPUUsage
    test.o(.text) refers to touch.o(.data) for tp_dev
    test.o(.text) refers to test.o(.bss) for LED_TASK_STK
    test.o(.text) refers to usmart_config.o(.data) for usmart_dev
    delay.o(.text) refers to os_core.o(.text) for OSIntEnter
    delay.o(.text) refers to os_time.o(.text) for OSTimeDly
    delay.o(.text) refers to delay.o(.data) for fac_us
    delay.o(.text) refers to os_core.o(.data) for OSRunning
    sys.o(.text) refers to sys.o(.emb_text) for WFI_SET
    usart.o(.text) refers (Special) to use_no_semi_2.o(.text) for __use_no_semihosting
    usart.o(.text) refers to os_core.o(.text) for OSIntEnter
    usart.o(.text) refers to fflt_clz.o(x$fpl$ffltu) for __aeabi_ui2f
    usart.o(.text) refers to fdiv.o(x$fpl$fdiv) for __aeabi_fdiv
    usart.o(.text) refers to ffixu.o(x$fpl$ffixu) for __aeabi_f2uiz
    usart.o(.text) refers to faddsub_clz.o(x$fpl$frsb) for __aeabi_frsub
    usart.o(.text) refers to fmul.o(x$fpl$fmul) for __aeabi_fmul
    usart.o(.text) refers to sys.o(.text) for MY_NVIC_Init
    usart.o(.text) refers to usart.o(.data) for USART_RX_STA
    usart.o(.text) refers to usart.o(.bss) for USART_RX_BUF
    usart.o(.bss) refers (Special) to use_no_semi_2.o(.text) for __use_no_semihosting
    usart.o(.data) refers (Special) to use_no_semi_2.o(.text) for __use_no_semihosting
    key.o(.text) refers to delay.o(.text) for delay_ms
    key.o(.text) refers to key.o(.data) for key_up
    exti.o(.text) refers to delay.o(.text) for delay_ms
    exti.o(.text) refers to key.o(.text) for KEY_Init
    exti.o(.text) refers to sys.o(.text) for Ex_NVIC_Config
    wdg.o(.text) refers to sys.o(.text) for MY_NVIC_Init
    wdg.o(.text) refers to wdg.o(.data) for WWDG_CNT
    timer.o(.text) refers to sys.o(.text) for MY_NVIC_Init
    timer.o(.text) refers to timer.o(.data) for TIM5CH1_CAPTURE_STA
    tpad.o(.text) refers to _printf_percent.o(.ARM.Collect$$_printf_percent$$00000000) for _printf_percent
    tpad.o(.text) refers to _printf_d.o(.ARM.Collect$$_printf_percent$$00000009) for _printf_d
    tpad.o(.text) refers to _printf_dec.o(.text) for _printf_int_dec
    tpad.o(.text) refers to delay.o(.text) for delay_ms
    tpad.o(.text) refers to noretval__2printf.o(.text) for __2printf
    tpad.o(.text) refers to tpad.o(.data) for tpad_default_val
[...]
    .ARM.Collect$$libinit$$00000013          0x0800020c   Section        0  libinit2.o(.ARM.Collect$$libinit$$00000013)
    .ARM.Collect$$libinit$$00000015          0x0800020c   Section        0  libinit2.o(.ARM.Collect$$libinit$$00000015)
    .ARM.Collect$$libinit$$00000017          0x0800020c   Section        0  libinit2.o(.ARM.Collect$$libinit$$00000017)
    .ARM.Collect$$libinit$$00000019          0x0800020c   Section        0  libinit2.o(.ARM.Collect$$libinit$$00000019)
    .ARM.Collect$$libinit$$0000001B          0x0800020c   Section        0  libinit2.o(.ARM.Collect$$libinit$$0000001B)
    .ARM.Collect$$libinit$$0000001D          0x0800020c   Section        0  libinit2.o(.ARM.Collect$$libinit$$0000001D)
    .ARM.Collect$$libinit$$0000001F          0x0800020c   Section        0  libinit2.o(.ARM.Collect$$libinit$$0000001F)
    .ARM.Collect$$libinit$$00000021          0x0800020c   Section        0  libinit2.o(.ARM.Collect$$libinit$$00000021)
    .ARM.Collect$$libinit$$00000028          0x0800020c   Section        0  libinit2.o(.ARM.Collect$$libinit$$00000028)
    .ARM.Collect$$libinit$$0000002A          0x0800020c   Section        0  libinit2.o(.ARM.Collect$$libinit$$0000002A)
    .ARM.Collect$$libinit$$0000002C          0x0800020c   Section        0  libinit2.o(.ARM.Collect$$libinit$$0000002C)
    .ARM.Collect$$libinit$$0000002E          0x0800020c   Section        0  libinit2.o(.ARM.Collect$$libinit$$0000002E)
    .ARM.Collect$$libinit$$0000002F          0x0800020c   Section        2  libinit2.o(.ARM.Collect$$libinit$$0000002F)
    .ARM.Collect$$libshutdown$$00000000      0x0800020e   Section        2  libshutdown.o(.ARM.Collect$$libshutdown$$00000000)
    .ARM.Collect$$libshutdown$$00000003      0x08000210   Section        0  libshutdown2.o(.ARM.Collect$$libshutdown$$00000003)
    .ARM.Collect$$libshutdown$$00000006      0x08000210   Section        0  libshutdown2.o(.ARM.Collect$$libshutdown$$00000006)
    .ARM.Collect$$libshutdown$$00000009      0x08000210   Section        0  libshutdown2.o(.ARM.Collect$$libshutdown$$00000009)
    .ARM.Collect$$libshutdown$$0000000B      0x08000210   Section        0  libshutdown2.o(.ARM.Collect$$libshutdown$$0000000B)
    .ARM.Collect$$libshutdown$$0000000E      0x08000210   Section        0  libshutdown2.o(.ARM.Collect$$libshutdown$$0000000E)
    .ARM.Collect$$libshutdown$$0000000F      0x08000210   Section        2  libshutdown2.o(.ARM.Collect$$libshutdown$$0000000F)
    .ARM.Collect$$rtentry$$00000000          0x08000212   Section        0  rtentry.o(.ARM.Collect$$rtentry$$00000000)
    .ARM.Collect$$rtentry$$00000002          0x08000212   Section        0  rtentry2.o(.ARM.Collect$$rtentry$$00000002)
    .ARM.Collect$$rtentry$$00000004          0x08000212   Section        6  rtentry4.o(.ARM.Collect$$rtentry$$00000004)
    .ARM.Collect$$rtentry$$00000009          0x08000218   Section        0  rtentry2.o(.ARM.Collect$$rtentry$$00000009)
    .ARM.Collect$$rtentry$$0000000A          0x08000218   Section        4  rtentry2.o(.ARM.Collect$$rtentry$$0000000A)
    .ARM.Collect$$rtentry$$0000000C          0x0800021c   Section        0  rtentry2.o(.ARM.Collect$$rtentry$$0000000C)
    .ARM.Collect$$rtentry$$0000000D          0x0800021c   Section        8  rtentry2.o(.ARM.Collect$$rtentry$$0000000D)
    .ARM.Collect$$rtexit$$00000000           0x08000224   Section        2  rtexit.o(.ARM.Collect$$rtexit$$00000000)
    .ARM.Collect$$rtexit$$00000002           0x08000226   Section        0  rtexit2.o(.ARM.Collect$$rtexit$$00000002)
    .ARM.Collect$$rtexit$$00000003           0x08000226   Section        4  rtexit2.o(.ARM.Collect$$rtexit$$00000003)
    .ARM.Collect$$rtexit$$00000004           0x0800022a   Section        6  rtexit2.o(.ARM.Collect$$rtexit$$00000004)
    .emb_text                                0x08000230   Section       12  sys.o(.emb_text)
    .text                                    0x0800023c   Section       72  startup_stm32f10x_hd.o(.text)
    .text                                    0x08000284   Section        0  test.o(.text)
    .text                                    0x08000694   Section        0  delay.o(.text)
    .text                                    0x08000794   Section        0  sys.o(.text)
    .text                                    0x08000a9c   Section        0  usart.o(.text)
    .text                                    0x08000c44   Section        0  led.o(.text)
    .text                                    0x08000cc4   Section        0  beep.o(.text)
    .text                                    0x08000d08   Section        0  key.o(.text)
    .text                                    0x08000e24   Section        0  exti.o(.text)
    .text                                    0x08000f24   Section        0  wdg.o(.text)
    .text                                    0x08001034   Section        0  timer.o(.text)
    .text                                    0x080013b4   Section        0  ili93xx.o(.text)
    .text                                    0x080037f8   Section        0  rtc.o(.text)
    .text                                    0x08003c9c   Section        0  wkup.o(.text)
    .text                                    0x08003d80   Section        0  dac.o(.text)
    .text                                    0x08003e68   Section        0  myiic.o(.text)
    .text                                    0x08004120   Section        0  24cxx.o(.text)
    .text                                    0x0800429c   Section        0  rs485.o(.text)
    .text                                    0x08004494   Section        0  touch.o(.text)
    .text                                    0x08005414   Section        0  usmart.o(.text)
    .text                                    0x08005efc   Section        0  usmart_str.o(.text)
    .text                                    0x08006418   Section        0  os_core.o(.text)
    OS_InitTaskStat                          0x080064c3   Thumb Code    56  os_core.o(.text)
    OS_InitTaskIdle                          0x0800651d   Thumb Code    56  os_core.o(.text)
    OS_InitEventList                         0x08006567   Thumb Code    74  os_core.o(.text)
    OS_InitTCBList                           0x080065b1   Thumb Code   106  os_core.o(.text)
    OS_InitRdyList                           0x0800661b   Thumb Code    44  os_core.o(.text)
    OS_InitMisc                              0x08006647   Thumb Code    44  os_core.o(.text)
    OS_SchedNew                              0x080066bb   Thumb Code    26  os_core.o(.text)
    .text                                    0x08006cdc   Section        0  os_flag.o(.text)
    OS_FlagTaskRdy                           0x08006e63   Thumb Code    96  os_flag.o(.text)
    OS_FlagBlock                             0x0800702b   Thumb Code   168  os_flag.o(.text)
    .text                                    0x08007534   Section        0  os_mbox.o(.text)
    .text                                    0x08007900   Section        0  os_q.o(.text)
    .text                                    0x08007ee8   Section        0  os_sem.o(.text)
    .text                                    0x08008274   Section        0  os_task.o(.text)
    .text                                    0x08008a5c   Section        0  os_time.o(.text)
    .text                                    0x08008c1c   Section        0  os_cpu_c.o(.text)
    .text                                    0x08008ccc   Section      180  os_cpu_a.o(.text)
    .text                                    0x08008d80   Section        2  use_no_semi_2.o(.text)
    .text                                    0x08008d84   Section        0  noretval__2printf.o(.text)
    .text                                    0x08008d9c   Section        0  _printf_pad.o(.text)
    .text                                    0x08008dec   Section        0  _printf_str.o(.text)
    .text                                    0x08008e40   Section        0  _printf_dec.o(.text)
    .text                                    0x08008eb4   Section        0  _printf_hex_int.o(.text)
    .text                                    0x08008f10   Section        0  __printf_flags_ss_wp.o(.text)
    .text                                    0x080090ac   Section        0  heapauxi.o(.text)
    .text                                    0x080090b2   Section        2  use_no_semi.o(.text)
    .text                                    0x080090b4   Section        0  _rserrno.o(.text)
    .text                                    0x080090ca   Section        0  _printf_intcommon.o(.text)
    .text                                    0x0800917e   Section        0  _printf_char.o(.text)
    .text                                    0x080091ac   Section        0  _printf_char_file.o(.text)
    .text                                    0x080091d0   Section       16  rtudiv10.o(.text)
    .text                                    0x080091e0   Section       12  rt_errno_addr_intlibspace.o(.text)
    .text                                    0x080091ec   Section        0  _printf_char_common.o(.text)
    _printf_input_char                       0x080091ed   Thumb Code    10  _printf_char_common.o(.text)
    .text                                    0x0800921c   Section        0  ferror.o(.text)
    .text                                    0x08009224   Section        8  libspace.o(.text)
    .text                                    0x0800922c   Section       74  sys_stackheap_outer.o(.text)
    .text                                    0x08009276   Section        0  exit.o(.text)
    .text                                    0x08009284   Section       12  rt_fp_status_addr_intlibspace.o(.text)
    i.sqrt                                   0x08009290   Section        0  sqrt.o(i.sqrt)
    x$fpl$d2f                                0x080092dc   Section       98  d2f.o(x$fpl$d2f)
    x$fpl$dcmpinf                            0x0800933e   Section       24  dcmpi.o(x$fpl$dcmpinf)
    x$fpl$ddiv                               0x08009358   Section      688  ddiv.o(x$fpl$ddiv)
    ddiv_entry                               0x0800935f   Thumb Code     0  ddiv.o(x$fpl$ddiv)
    x$fpl$dfixu                              0x08009608   Section       90  dfixu.o(x$fpl$dfixu)
    x$fpl$dfltu                              0x08009662   Section       38  dflt_clz.o(x$fpl$dfltu)
    x$fpl$dleqf                              0x08009688   Section      120  dleqf.o(x$fpl$dleqf)
    x$fpl$dnaninf                            0x08009700   Section      156  dnaninf.o(x$fpl$dnaninf)
    x$fpl$dretinf                            0x0800979c   Section       12  dretinf.o(x$fpl$dretinf)
    x$fpl$drleqf                             0x080097a8   Section      108  drleqf.o(x$fpl$drleqf)
    x$fpl$dsqrt                              0x08009814   Section      460  dsqrt_noumaal.o(x$fpl$dsqrt)
    x$fpl$f2d                                0x080099e0   Section       86  f2d.o(x$fpl$f2d)
    x$fpl$fadd                               0x08009a38   Section      196  faddsub_clz.o(x$fpl$fadd)
    _fadd1                                   0x08009a47   Thumb Code     0  faddsub_clz.o(x$fpl$fadd)
    x$fpl$fdiv                               0x08009afc   Section      388  fdiv.o(x$fpl$fdiv)
    _fdiv1                                   0x08009afd   Thumb Code     0  fdiv.o(x$fpl$fdiv)
    x$fpl$ffix                               0x08009c80   Section       54  ffix.o(x$fpl$ffix)
    x$fpl$ffixu                              0x08009cb8   Section       62  ffixu.o(x$fpl$ffixu)
    x$fpl$fflt                               0x08009cf8   Section       48  fflt_clz.o(x$fpl$fflt)
    x$fpl$ffltu                              0x08009d28   Section       38  fflt_clz.o(x$fpl$ffltu)
    x$fpl$fmul                               0x08009d50   Section      258  fmul.o(x$fpl$fmul)
    x$fpl$fnaninf                            0x08009e52   Section      140  fnaninf.o(x$fpl$fnaninf)
    x$fpl$fpinit                             0x08009ede   Section       14  fpinit.o(x$fpl$fpinit)
    x$fpl$fretinf                            0x08009eec   Section       10  fretinf.o(x$fpl$fretinf)
    x$fpl$frsb                               0x08009ef6   Section       20  faddsub_clz.o(x$fpl$frsb)
    x$fpl$fsub                               0x08009f0c   Section      234  faddsub_clz.o(x$fpl$fsub)
    _fsub1                                   0x08009f1b   Thumb Code     0  faddsub_clz.o(x$fpl$fsub)
    .constdata                               0x08009ff6   Section     2660  ili93xx.o(.constdata)
    x$fpl$usenofp                            0x08009ff6   Section        0  usenofp.o(x$fpl$usenofp)
    .constdata                               0x0800aa5a   Section       24  rtc.o(.constdata)
    .constdata                               0x0800aa72   Section      256  os_core.o(.constdata)
    .constdata                               0x0800ab72   Section       40  _printf_hex_int.o(.constdata)
    uc_hextab                                0x0800ab72   Data          20  _printf_hex_int.o(.constdata)
    lc_hextab                                0x0800ab86   Data          20  _printf_hex_int.o(.constdata)
    .constdata                               0x0800ab9a   Section       17  __printf_flags_ss_wp.o(.constdata)
    maptable                                 0x0800ab9a   Data          17  __printf_flags_ss_wp.o(.constdata)
    .conststring                             0x0800abab   Section      121  touch.o(.conststring)
    .conststring                             0x0800ac24   Section       23  usmart.o(.conststring)
    .conststring                             0x0800ac3b   Section      284  usmart_config.o(.conststring)
    .data                                    0x20000000   Section        8  test.o(.data)
    .data                                    0x20000008   Section        4  delay.o(.data)
    fac_us                                   0x20000008   Data           1  delay.o(.data)
    fac_ms                                   0x2000000a   Data           2  delay.o(.data)
    .data                                    0x2000000c   Section        8  usart.o(.data)
    .data                                    0x20000014   Section        1  key.o(.data)
    key_up                                   0x20000014   Data           1  key.o(.data)
    .data                                    0x20000015   Section        1  wdg.o(.data)
    .data                                    0x20000016   Section        4  timer.o(.data)
    .data                                    0x2000001a   Section        4  ili93xx.o(.data)
    .data                                    0x2000001e   Section        2  rtc.o(.data)
    daycnt                                   0x2000001e   Data           2  rtc.o(.data)
    .data                                    0x20000020   Section        1  rs485.o(.data)
    .data                                    0x20000024   Section       48  touch.o(.data)
    .data                                    0x20000054   Section       24  usmart.o(.data)
    .data                                    0x2000006c   Section      300  usmart_config.o(.data)
    .data                                    0x20000198   Section       72  os_core.o(.data)
    .bss                                     0x200001e0   Section     1792  test.o(.bss)
    .bss                                     0x200008e0   Section      200  usart.o(.bss)
    .bss                                     0x200009a8   Section       10  ili93xx.o(.bss)
    .bss                                     0x200009b2   Section       10  rtc.o(.bss)
    .bss                                     0x200009bc   Section       64  rs485.o(.bss)
    .bss                                     0x200009fc   Section     2688  os_core.o(.bss)
    .bss                                     0x2000147c   Section       96  libspace.o(.bss)
    HEAP                                     0x200014e0   Section        0  startup_stm32f10x_hd.o(HEAP)
    STACK                                    0x200014e0   Section     2048  startup_stm32f10x_hd.o(STACK)
    Heap_Mem                                 0x200014e0   Data           0  startup_stm32f10x_hd.o(HEAP)
    Stack_Mem                                0x200014e0   Data        2048  startup_stm32f10x_hd.o(STACK)
    __initial_sp                             0x20001ce0   Data           0  startup_stm32f10x_hd.o(STACK)

    Global Symbols

    Symbol Name                              Value     Ov Type        Size  Object(Section)

    BuildAttributes$$THM_ISAv4$P$D$K$B$S$PE$A:L22UL41UL21$X:L11$S22US41US21$IEEE1$IW$USESV6$~STKCKD$USESV7$~SHL$OTIME$ROPI$IEEEJ$EBA8$UX$STANDARDLIB$REQ8$PRES8$EABIv2 0x00000000   Number         0  anon$$obj.o ABSOLUTE
    __ARM_use_no_argv                        0x00000000   Number         0  test.o ABSOLUTE
    _printf_flags                            0x00000000   Number         0  printf_stubs.o ABSOLUTE
    _printf_return_value                     0x00000000   Number         0  printf_stubs.o ABSOLUTE
    _printf_sizespec                         0x00000000   Number         0  printf_stubs.o ABSOLUTE
    _printf_widthprec                        0x00000000   Number         0  printf_stubs.o ABSOLUTE
    __ARM_exceptions_init                     - Undefined Weak Reference
    __alloca_initialize                       - Undefined Weak Reference
    __cpp_initialize__aeabi_                  - Undefined Weak Reference
    __cxa_finalize                            - Undefined Weak Reference
    __rt_locale                               - Undefined Weak Reference
    __sigvec_lookup                           - Undefined Weak Reference
    _atexit_init                              - Undefined Weak Reference
    _call_atexit_fns                          - Undefined Weak Reference
    _clock_init                               - Undefined Weak Reference
    _fp_trap_init                             - Undefined Weak Reference
    _fp_trap_shutdown                         - Undefined Weak Reference
    _get_lc_collate                           - Undefined Weak Reference
    _get_lc_ctype                             - Undefined Weak Reference
    _get_lc_monetary                          - Undefined Weak Reference
    _get_lc_numeric                           - Undefined Weak Reference
    _get_lc_time                              - Undefined Weak Reference
    _getenv_init                              - Undefined Weak Reference
    _handle_redirection                       - Undefined Weak Reference
    _init_alloc                               - Undefined Weak Reference
    _init_user_alloc                          - Undefined Weak Reference
    _initio                                   - Undefined Weak Reference
    _mutex_acquire                            - Undefined Weak Reference
    _mutex_release                            - Undefined Weak Reference
    _printf_mbtowc                            - Undefined Weak Reference
    _printf_truncate_signed                   - Undefined Weak Reference
    _printf_truncate_unsigned                 - Undefined Weak Reference
    _rand_init                                - Undefined Weak Reference
    _signal_finish                            - Undefined Weak Reference
    _signal_init                              - Undefined Weak Reference
    _terminate_alloc                          - Undefined Weak Reference
    _terminate_user_alloc                     - Undefined Weak Reference
    _terminateio                              - Undefined Weak Reference
    __Vectors_Size                           0x00000130   Number         0  startup_stm32f10x_hd.o ABSOLUTE
    __Vectors                                0x08000000   Data           4  startup_stm32f10x_hd.o(RESET)
    __Vectors_End                            0x08000130   Data           0  startup_stm32f10x_hd.o(RESET)
    __main                                   0x08000131   Thumb Code     8  __main.o(!!!main)
    __scatterload                            0x08000139   Thumb Code     0  __scatter.o(!!!scatter)
    __scatterload_rt2                        0x08000139   Thumb Code    44  __scatter.o(!!!scatter)
    __scatterload_rt2_thumb_only             0x08000139   Thumb Code     0  __scatter.o(!!!scatter)
    __scatterload_null                       0x08000147   Thumb Code     0  __scatter.o(!!!scatter)
    __decompress                             0x0800016d   Thumb Code    90  __dczerorl2.o(!!dczerorl2)
    __decompress1                            0x0800016d   Thumb Code     0  __dczerorl2.o(!!dczerorl2)
    __scatterload_zeroinit                   0x080001c9   Thumb Code    28  __scatter_zi.o(!!handler_zi)
    _printf_d                                0x080001e5   Thumb Code     0  _printf_d.o(.ARM.Collect$$_printf_percent$$00000009)
    _printf_percent                          0x080001e5   Thumb Code     0  _printf_percent.o(.ARM.Collect$$_printf_percent$$00000000)
    _printf_u                                0x080001eb   Thumb Code     0  _printf_u.o(.ARM.Collect$$_printf_percent$$0000000A)
    _printf_x                                0x080001f1   Thumb Code     0  _printf_x.o(.ARM.Collect$$_printf_percent$$0000000C)
    _printf_c                                0x080001f7   Thumb Code     0  _printf_c.o(.ARM.Collect$$_printf_percent$$00000013)
    _printf_s                                0x080001fd   Thumb Code     0  _printf_s.o(.ARM.Collect$$_printf_percent$$00000014)
    _printf_percent_end                      0x08000203   Thumb Code     0  _printf_percent_end.o(.ARM.Collect$$_printf_percent$$00000017)
    __rt_lib_init                            0x08000207   Thumb Code     0  libinit.o(.ARM.Collect$$libinit$$00000000)
    __rt_lib_init_alloca_1                   0x0800020d   Thumb Code     0  libinit2.o(.ARM.Collect$$libinit$$0000002A)
    __rt_lib_init_argv_1                     0x0800020d   Thumb Code     0  libinit2.o(.ARM.Collect$$libinit$$00000028)
    __rt_lib_init_atexit_1                   0x0800020d   Thumb Code     0  libinit2.o(.ARM.Collect$$libinit$$00000017)
    __rt_lib_init_clock_1                    0x0800020d   Thumb Code     0  libinit2.o(.ARM.Collect$$libinit$$0000001D)
    __rt_lib_init_cpp_1                      0x0800020d   Thumb Code     0  libinit2.o(.ARM.Collect$$libinit$$0000002E)
    __rt_lib_init_exceptions_1               0x0800020d   Thumb Code     0  libinit2.o(.ARM.Collect$$libinit$$0000002C)
    __rt_lib_init_fp_trap_1                  0x0800020d   Thumb Code     0  libinit2.o(.ARM.Collect$$libinit$$0000001B)
    __rt_lib_init_getenv_1                   0x0800020d   Thumb Code     0  libinit2.o(.ARM.Collect$$libinit$$0000001F)
    __rt_lib_init_heap_1                     0x0800020d   Thumb Code     0  libinit2.o(.ARM.Collect$$libinit$$00000006)
    __rt_lib_init_lc_collate_1               0x0800020d   Thumb Code     0  libinit2.o(.ARM.Collect$$libinit$$0000000D)
    __rt_lib_init_lc_ctype_1                 0x0800020d   Thumb Code     0  libinit2.o(.ARM.Collect$$libinit$$0000000F)
    __rt_lib_init_lc_monetary_1              0x0800020d   Thumb Code     0  libinit2.o(.ARM.Collect$$libinit$$00000011)
    __rt_lib_init_lc_numeric_1               0x0800020d   Thumb Code     0  libinit2.o(.ARM.Collect$$libinit$$00000013)
    __rt_lib_init_lc_time_1                  0x0800020d   Thumb Code     0  libinit2.o(.ARM.Collect$$libinit$$00000015)
    __rt_lib_init_rand_1                     0x0800020d   Thumb Code     0  libinit2.o(.ARM.Collect$$libinit$$0000000A)
    __rt_lib_init_return                     0x0800020d   Thumb Code     0  libinit2.o(.ARM.Collect$$libinit$$0000002F)
    __rt_lib_init_signal_1                   0x0800020d   Thumb Code     0  libinit2.o(.ARM.Collect$$libinit$$00000019)
    __rt_lib_init_stdio_1                    0x0800020d   Thumb Code     0  libinit2.o(.ARM.Collect$$libinit$$00000021)
    __rt_lib_init_user_alloc_1               0x0800020d   Thumb Code     0  libinit2.o(.ARM.Collect$$libinit$$00000008)
    __rt_lib_shutdown                        0x0800020f   Thumb Code     0  libshutdown.o(.ARM.Collect$$libshutdown$$00000000)
    __rt_lib_shutdown_fp_trap_1              0x08000211   Thumb Code     0  libshutdown2.o(.ARM.Collect$$libshutdown$$00000006)
    __rt_lib_shutdown_heap_1                 0x08000211   Thumb Code     0  libshutdown2.o(.ARM.Collect$$libshutdown$$0000000E)
    __rt_lib_shutdown_return                 0x08000211   Thumb Code     0  libshutdown2.o(.ARM.Collect$$libshutdown$$0000000F)
    __rt_lib_shutdown_signal_1               0x08000211   Thumb Code     0  libshutdown2.o(.ARM.Collect$$libshutdown$$00000009)
    __rt_lib_shutdown_stdio_1                0x08000211   Thumb Code     0  libshutdown2.o(.ARM.Collect$$libshutdown$$00000003)
    __rt_lib_shutdown_user_alloc_1           0x08000211   Thumb Code     0  libshutdown2.o(.ARM.Collect$$libshutdown$$0000000B)
    __rt_entry                               0x08000213   Thumb Code     0  rtentry.o(.ARM.Collect$$rtentry$$00000000)
    __rt_entry_presh_1                       0x08000213   Thumb Code     0  rtentry2.o(.ARM.Collect$$rtentry$$00000002)
    __rt_entry_sh                            0x08000213   Thumb Code     0  rtentry4.o(.ARM.Collect$$rtentry$$00000004)
    __rt_entry_li                            0x08000219   Thumb Code     0  rtentry2.o(.ARM.Collect$$rtentry$$0000000A)
    __rt_entry_postsh_1                      0x08000219   Thumb Code     0  rtentry2.o(.ARM.Collect$$rtentry$$00000009)
    __rt_entry_main                          0x0800021d   Thumb Code     0  rtentry2.o(.ARM.Collect$$rtentry$$0000000D)
    __rt_entry_postli_1                      0x0800021d   Thumb Code     0  rtentry2.o(.ARM.Collect$$rtentry$$0000000C)
    __rt_exit                                0x08000225   Thumb Code     0  rtexit.o(.ARM.Collect$$rtexit$$00000000)
    __rt_exit_ls                             0x08000227   Thumb Code     0  rtexit2.o(.ARM.Collect$$rtexit$$00000003)
    __rt_exit_prels_1                        0x08000227   Thumb Code     0  rtexit2.o(.ARM.Collect$$rtexit$$00000002)
    __rt_exit_exit                           0x0800022b   Thumb Code     0  rtexit2.o(.ARM.Collect$$rtexit$$00000004)
    WFI_SET                                  0x08000231   Thumb Code     2  sys.o(.emb_text)
    INTX_DISABLE                             0x08000233   Thumb Code     2  sys.o(.emb_text)
    INTX_ENABLE                              0x08000235   Thumb Code     2  sys.o(.emb_text)
    MSR_MSP                                  0x08000237   Thumb Code     6  sys.o(.emb_text)
    SystemInit_ExtMemCtl                     0x0800023d   Thumb Code     2  startup_stm32f10x_hd.o(.text)
    Reset_Handler                            0x0800023f   Thumb Code    14  startup_stm32f10x_hd.o(.text)
    NMI_Handler                              0x0800024d   Thumb Code     2  startup_stm32f10x_hd.o(.text)
    HardFault_Handler                        0x0800024f   Thumb Code     2  startup_stm32f10x_hd.o(.text)
    MemManage_Handler                        0x08000251   Thumb Code     2  startup_stm32f10x_hd.o(.text)
    BusFault_Handler                         0x08000253   Thumb Code     2  startup_stm32f10x_hd.o(.text)
    UsageFault_Handler                       0x08000255   Thumb Code     2  startup_stm32f10x_hd.o(.text)
    SVC_Handler                              0x08000257   Thumb Code     2  startup_stm32f10x_hd.o(.text)
    DebugMon_Handler                         0x08000259   Thumb Code     2  startup_stm32f10x_hd.o(.text)
    ADC1_2_IRQHandler                        0x0800025f   Thumb Code     0  startup_stm32f10x_hd.o(.text)
    ADC3_IRQHandler                          0x0800025f   Thumb Code     0  startup_stm32f10x_hd.o(.text)
    CAN1_RX1_IRQHandler                      0x0800025f   Thumb Code     0  startup_stm32f10x_hd.o(.text)
    CAN1_SCE_IRQHandler                      0x0800025f   Thumb Code     0  startup_stm32f10x_hd.o(.text)
    DMA1_Channel1_IRQHandler                 0x0800025f   Thumb Code     0  startup_stm32f10x_hd.o(.text)
    DMA1_Channel2_IRQHandler                 0x0800025f   Thumb Code     0  startup_stm32f10x_hd.o(.text)
    DMA1_Channel3_IRQHandler                 0x0800025f   Thumb Code     0  startup_stm32f10x_hd.o(.text)
    DMA1_Channel4_IRQHandler                 0x0800025f   Thumb Code     0  startup_stm32f10x_hd.o(.text)
    DMA1_Channel5_IRQHandler                 0x0800025f   Thumb Code     0  startup_stm32f10x_hd.o(.text)
    DMA1_Channel6_IRQHandler                 0x0800025f   Thumb Code     0  startup_stm32f10x_hd.o(.text)
    DMA1_Channel7_IRQHandler                 0x0800025f   Thumb Code     0  startup_stm32f10x_hd.o(.text)
    DMA2_Channel1_IRQHandler                 0x0800025f   Thumb Code     0  startup_stm32f10x_hd.o(.text)
    DMA2_Channel2_IRQHandler                 0x0800025f   Thumb Code     0  startup_stm32f10x_hd.o(.text)
    DMA2_Channel3_IRQHandler                 0x0800025f   Thumb Code     0  startup_stm32f10x_hd.o(.text)
    DMA2_Channel4_5_IRQHandler               0x0800025f   Thumb Code     0  startup_stm32f10x_hd.o(.text)
    EXTI15_10_IRQHandler                     0x0800025f   Thumb Code     0  startup_stm32f10x_hd.o(.text)
    EXTI1_IRQHandler                         0x0800025f   Thumb Code     0  startup_stm32f10x_hd.o(.text)
    EXTI9_5_IRQHandler                       0x0800025f   Thumb Code     0  startup_stm32f10x_hd.o(.text)
    FLASH_IRQHandler                         0x0800025f   Thumb Code     0  startup_stm32f10x_hd.o(.text)
    FSMC_IRQHandler                          0x0800025f   Thumb Code     0  startup_stm32f10x_hd.o(.text)
    I2C1_ER_IRQHandler                       0x0800025f   Thumb Code     0  startup_stm32f10x_hd.o(.text)
    I2C1_EV_IRQHandler                       0x0800025f   Thumb Code     0  startup_stm32f10x_hd.o(.text)
    I2C2_ER_IRQHandler                       0x0800025f   Thumb Code     0  startup_stm32f10x_hd.o(.text)
    I2C2_EV_IRQHandler                       0x0800025f   Thumb Code     0  startup_stm32f10x_hd.o(.text)
    PVD_IRQHandler                           0x0800025f   Thumb Code     0  startup_stm32f10x_hd.o(.text)
    RCC_IRQHandler                           0x0800025f   Thumb Code     0  startup_stm32f10x_hd.o(.text)
    RTCAlarm_IRQHandler                      0x0800025f   Thumb Code     0  startup_stm32f10x_hd.o(.text)
    SDIO_IRQHandler                          0x0800025f   Thumb Code     0  startup_stm32f10x_hd.o(.text)
    SPI1_IRQHandler                          0x0800025f   Thumb Code     0  startup_stm32f10x_hd.o(.text)
    SPI2_IRQHandler                          0x0800025f   Thumb Code     0  startup_stm32f10x_hd.o(.text)
    SPI3_IRQHandler                          0x0800025f   Thumb Code     0  startup_stm32f10x_hd.o(.text)
    TAMPER_IRQHandler                        0x0800025f   Thumb Code     0  startup_stm32f10x_hd.o(.text)
    TIM1_BRK_IRQHandler                      0x0800025f   Thumb Code     0  startup_stm32f10x_hd.o(.text)
    TIM1_CC_IRQHandler                       0x0800025f   Thumb Code     0  startup_stm32f10x_hd.o(.text)
    TIM1_TRG_COM_IRQHandler                  0x0800025f   Thumb Code     0  startup_stm32f10x_hd.o(.text)
    TIM1_UP_IRQHandler                       0x0800025f   Thumb Code     0  startup_stm32f10x_hd.o(.text)
    TIM4_IRQHandler                          0x0800025f   Thumb Code     0  startup_stm32f10x_hd.o(.text)
    TIM6_IRQHandler                          0x0800025f   Thumb Code     0  startup_stm32f10x_hd.o(.text)
    TIM7_IRQHandler                          0x0800025f   Thumb Code     0  startup_stm32f10x_hd.o(.text)
    TIM8_BRK_IRQHandler                      0x0800025f   Thumb Code     0  startup_stm32f10x_hd.o(.text)
    TIM8_CC_IRQHandler                       0x0800025f   Thumb Code     0  startup_stm32f10x_hd.o(.text)
    TIM8_TRG_COM_IRQHandler                  0x0800025f   Thumb Code     0  startup_stm32f10x_hd.o(.text)
    TIM8_UP_IRQHandler                       0x0800025f   Thumb Code     0  startup_stm32f10x_hd.o(.text)
    UART4_IRQHandler                         0x0800025f   Thumb Code     0  startup_stm32f10x_hd.o(.text)
    UART5_IRQHandler                         0x0800025f   Thumb Code     0  startup_stm32f10x_hd.o(.text)
    USART3_IRQHandler                        0x0800025f   Thumb Code     0  startup_stm32f10x_hd.o(.text)
    USBWakeUp_IRQHandler                     0x0800025f   Thumb Code     0  startup_stm32f10x_hd.o(.text)
    USB_HP_CAN1_TX_IRQHandler                0x0800025f   Thumb Code     0  startup_stm32f10x_hd.o(.text)
    USB_LP_CAN1_RX0_IRQHandler               0x0800025f   Thumb Code     0  startup_stm32f10x_hd.o(.text)
    __user_initial_stackheap                 0x08000261   Thumb Code     0  startup_stm32f10x_hd.o(.text)
    ucos_load_main_ui                        0x08000285   Thumb Code   226  test.o(.text)
    key_task                                 0x08000367   Thumb Code    30  test.o(.text)
    main_task                                0x08000385   Thumb Code   214  test.o(.text)
    beep_task                                0x0800045b   Thumb Code    48  test.o(.text)
    touch_task                               0x0800048b   Thumb Code    82  test.o(.text)
    led_task                                 0x080004dd   Thumb Code    36  test.o(.text)
    start_task                               0x08000501   Thumb Code   122  test.o(.text)
    main                                     0x0800057b   Thumb Code    84  test.o(.text)
    SysTick_Handler                          0x08000695   Thumb Code    16  delay.o(.text)
    delay_init                               0x080006a5   Thumb Code    80  delay.o(.text)
    delay_us                                 0x080006f5   Thumb Code    86  delay.o(.text)
    delay_ms                                 0x0800074b   Thumb Code    62  delay.o(.text)
    MY_NVIC_SetVectorTable                   0x08000795   Thumb Code    12  sys.o(.text)
    MY_NVIC_PriorityGroupConfig              0x080007a1   Thumb Code    42  sys.o(.text)
    MY_NVIC_Init                             0x080007cb   Thumb Code   154  sys.o(.text)
    Ex_NVIC_Config                           0x08000865   Thumb Code   160  sys.o(.text)
    MYRCC_DeInit                             0x08000905   Thumb Code    90  sys.o(.text)
    Sys_Standby                              0x0800095f   Thumb Code    68  sys.o(.text)
    Sys_Soft_Reset                           0x080009a3   Thumb Code    10  sys.o(.text)
    JTAG_Set                                 0x080009ad   Thumb Code    38  sys.o(.text)
    Stm32_Clock_Init                         0x080009d3   Thumb Code   130  sys.o(.text)
    _sys_exit                                0x08000a9d   Thumb Code     6  usart.o(.text)
    fputc                                    0x08000aa3   Thumb Code    20  usart.o(.text)
    USART1_IRQHandler                        0x08000ab7   Thumb Code   126  usart.o(.text)
    uart_init                                0x08000b35   Thumb Code   230  usart.o(.text)
    LED_Init                                 0x08000c45   Thumb Code   110  led.o(.text)
    BEEP_Init                                0x08000cc5   Thumb Code    50  beep.o(.text)
    KEY_Init                                 0x08000d09   Thumb Code    98  key.o(.text)
    KEY_Scan                                 0x08000d6b   Thumb Code   138  key.o(.text)
    EXTI2_IRQHandler                         0x08000e25   Thumb Code    38  exti.o(.text)
    EXTI3_IRQHandler                         0x08000e4b   Thumb Code    38  exti.o(.text)
    EXTI4_IRQHandler                         0x08000e71   Thumb Code    56  exti.o(.text)
    EXTIX_Init                               0x08000ea9   Thumb Code    96  exti.o(.text)
    IWDG_Init                                0x08000f25   Thumb Code    28  wdg.o(.text)
    IWDG_Feed                                0x08000f41   Thumb Code    10  wdg.o(.text)
    WWDG_Init                                0x08000f4b   Thumb Code   152  wdg.o(.text)
    WWDG_Set_Counter                         0x08000fe3   Thumb Code    10  wdg.o(.text)
    WWDG_IRQHandler                          0x08000fed   Thumb Code    36  wdg.o(.text)
    TIM3_IRQHandler                          0x08001035   Thumb Code    44  timer.o(.text)
    TIM3_Int_Init                            0x08001061   Thumb Code    82  timer.o(.text)
    TIM3_PWM_Init                            0x080010b3   Thumb Code   170  timer.o(.text)
    TIM5_Cap_Init                            0x0800115d   Thumb Code   192  timer.o(.text)
    TIM5_IRQHandler                          0x0800121d   Thumb Code   180  timer.o(.text)
    TIM4_PWM_Init                            0x080012d1   Thumb Code   150  timer.o(.text)
    LCD_WR_REG                               0x080013b5   Thumb Code     6  ili93xx.o(.text)
    LCD_WR_DATA                              0x080013bb   Thumb Code     6  ili93xx.o(.text)
    LCD_RD_DATA                              0x080013c1   Thumb Code     6  ili93xx.o(.text)
    LCD_WriteReg                             0x080013c7   Thumb Code    14  ili93xx.o(.text)
    LCD_ReadReg                              0x080013d5   Thumb Code    22  ili93xx.o(.text)
    LCD_WriteRAM_Prepare                     0x080013eb   Thumb Code    10  ili93xx.o(.text)
    LCD_WriteRAM                             0x080013f5   Thumb Code     6  ili93xx.o(.text)
    LCD_BGR2RGB                              0x080013fb   Thumb Code    26  ili93xx.o(.text)
    opt_delay                                0x08001415   Thumb Code    14  ili93xx.o(.text)
    LCD_SetCursor                            0x08001423   Thumb Code   112  ili93xx.o(.text)
    LCD_ReadPoint                            0x08001493   Thumb Code   266  ili93xx.o(.text)
    LCD_DisplayOn                            0x0800159d   Thumb Code    46  ili93xx.o(.text)
    LCD_DisplayOff                           0x080015cb   Thumb Code    44  ili93xx.o(.text)
    LCD_Scan_Dir                             0x080015f7   Thumb Code   466  ili93xx.o(.text)
    LCD_DrawPoint                            0x080017c9   Thumb Code    28  ili93xx.o(.text)
    LCD_Fast_DrawPoint                       0x080017e5   Thumb Code   130  ili93xx.o(.text)
    LCD_Display_Dir                          0x08001867   Thumb Code   240  ili93xx.o(.text)
    LCD_Clear                                0x08001957   Thumb Code    44  ili93xx.o(.text)
    LCD_Init                                 0x08001983   Thumb Code  6382  ili93xx.o(.text)
    LCD_Fill                                 0x08003271   Thumb Code    80  ili93xx.o(.text)
    LCD_Color_Fill                           0x080032c1   Thumb Code    94  ili93xx.o(.text)
    LCD_DrawLine                             0x0800331f   Thumb Code   176  ili93xx.o(.text)
    LCD_DrawRectangle                        0x080033cf   Thumb Code    60  ili93xx.o(.text)
    Draw_Circle                              0x0800340b   Thumb Code   152  ili93xx.o(.text)
    LCD_ShowChar                             0x080034a3   Thumb Code   364  ili93xx.o(.text)
    LCD_Pow                                  0x0800360f   Thumb Code    22  ili93xx.o(.text)
    LCD_ShowNum                              0x08003625   Thumb Code   152  ili93xx.o(.text)
    LCD_ShowxNum                             0x080036bd   Thumb Code   194  ili93xx.o(.text)
    LCD_ShowString                           0x0800377f   Thumb Code   102  ili93xx.o(.text)
    RTC_Get_Week                             0x080037f9   Thumb Code   114  rtc.o(.text)
    Is_Leap_Year                             0x0800386b   Thumb Code    58  rtc.o(.text)
    RTC_Get                                  0x080038a5   Thumb Code   250  rtc.o(.text)
    RTC_Set                                  0x0800399f   Thumb Code   250  rtc.o(.text)
    RTC_Init                                 0x08003a99   Thumb Code   364  rtc.o(.text)
    RTC_IRQHandler                           0x08003c05   Thumb Code    72  rtc.o(.text)
    Sys_Enter_Standby                        0x08003c9d   Thumb Code    20  wkup.o(.text)
    Check_WKUP                               0x08003cb1   Thumb Code    72  wkup.o(.text)
    EXTI0_IRQHandler                         0x08003cf9   Thumb Code    20  wkup.o(.text)
    WKUP_Init                                0x08003d0d   Thumb Code    90  wkup.o(.text)
    Dac1_Init                                0x08003d81   Thumb Code   124  dac.o(.text)
    Dac1_Set_Vol                             0x08003dfd   Thumb Code    74  dac.o(.text)
    IIC_Init                                 0x08003e69   Thumb Code    56  myiic.o(.text)
    IIC_Start                                0x08003ea1   Thumb Code    76  myiic.o(.text)
    IIC_Stop                                 0x08003eed   Thumb Code    74  myiic.o(.text)
    IIC_Wait_Ack                             0x08003f37   Thumb Code    90  myiic.o(.text)
    IIC_Ack                                  0x08003f91   Thumb Code    80  myiic.o(.text)
    IIC_NAck                                 0x08003fe1   Thumb Code    80  myiic.o(.text)
    IIC_Send_Byte                            0x08004031   Thumb Code   104  myiic.o(.text)
    IIC_Read_Byte                            0x08004099   Thumb Code   106  myiic.o(.text)
    AT24CXX_Init                             0x08004121   Thumb Code     8  24cxx.o(.text)
    AT24CXX_ReadOneByte                      0x08004129   Thumb Code    88  24cxx.o(.text)
    AT24CXX_WriteOneByte                     0x08004181   Thumb Code    80  24cxx.o(.text)
    AT24CXX_WriteLenByte                     0x080041d1   Thumb Code    42  24cxx.o(.text)
    AT24CXX_ReadLenByte                      0x080041fb   Thumb Code    44  24cxx.o(.text)
    AT24CXX_Check                            0x08004227   Thumb Code    46  24cxx.o(.text)
    AT24CXX_Read                             0x08004255   Thumb Code    34  24cxx.o(.text)
    AT24CXX_Write                            0x08004277   Thumb Code    36  24cxx.o(.text)
    USART2_IRQHandler                        0x0800429d   Thumb Code    44  rs485.o(.text)
    RS485_Init                               0x080042c9   Thumb Code   276  rs485.o(.text)
    RS485_Send_Data                          0x080043dd   Thumb Code    68  rs485.o(.text)
    RS485_Receive_Data                       0x08004421   Thumb Code    68  rs485.o(.text)
    TP_Write_Byte                            0x08004495   Thumb Code    58  touch.o(.text)
    TP_Read_AD                               0x080044cf   Thumb Code   120  touch.o(.text)
    TP_Read_XOY                              0x08004547   Thumb Code   120  touch.o(.text)
    TP_Read_XY                               0x080045bf   Thumb Code    38  touch.o(.text)
    TP_Read_XY2                              0x080045e5   Thumb Code   192  touch.o(.text)
    TP_Drow_Touch_Point                      0x080046a5   Thumb Code   108  touch.o(.text)
    TP_Draw_Big_Point                        0x08004711   Thumb Code    54  touch.o(.text)
    TP_Scan                                  0x08004747   Thumb Code   248  touch.o(.text)
    TP_Save_Adjdata                          0x0800483f   Thumb Code   170  touch.o(.text)
    TP_Get_Adjdata                           0x080048e9   Thumb Code   152  touch.o(.text)
    TP_Adj_Info_Show                         0x08004981   Thumb Code   376  touch.o(.text)
    TP_Adjust                                0x08004af9   Thumb Code  2080  touch.o(.text)
    TP_Init                                  0x08005319   Thumb Code   166  touch.o(.text)
    usmart_sys_cmd_exe                       0x08005415   Thumb Code  1588  usmart.o(.text)
    TIM2_IRQHandler                          0x08005a49   Thumb Code    38  usmart.o(.text)
    Timer2_Init                              0x08005a6f   Thumb Code    68  usmart.o(.text)
    usmart_init                              0x08005ab3   Thumb Code    36  usmart.o(.text)
    usmart_cmd_rec                           0x08005ad7   Thumb Code   170  usmart.o(.text)
    usmart_exe                               0x08005b81   Thumb Code   672  usmart.o(.text)
    usmart_scan                              0x08005e21   Thumb Code   120  usmart.o(.text)
    read_addr                                0x08005e99   Thumb Code     6  usmart.o(.text)
    write_addr                               0x08005e9f   Thumb Code     4  usmart.o(.text)
    usmart_strcmp                            0x08005efd   Thumb Code    34  usmart_str.o(.text)
    usmart_strcopy                           0x08005f1f   Thumb Code    22  usmart_str.o(.text)
    usmart_strlen                            0x08005f35   Thumb Code    24  usmart_str.o(.text)
    usmart_pow                               0x08005f4d   Thumb Code    22  usmart_str.o(.text)
    usmart_str2num                           0x08005f63   Thumb Code   202  usmart_str.o(.text)
    usmart_get_cmdname                       0x0800602d   Thumb Code    54  usmart_str.o(.text)
    usmart_search_nextc                      0x08006063   Thumb Code    22  usmart_str.o(.text)
    usmart_get_fname                         0x08006079   Thumb Code   440  usmart_str.o(.text)
    usmart_get_aparm                         0x08006231   Thumb Code   188  usmart_str.o(.text)
    usmart_get_parmpos                       0x080062ed   Thumb Code    26  usmart_str.o(.text)
    usmart_get_fparam                        0x08006307   Thumb Code   262  usmart_str.o(.text)
    OS_TaskStatStkChk                        0x08006419   Thumb Code    54  os_core.o(.text)
    OS_TaskStat                              0x0800644f   Thumb Code   116  os_core.o(.text)
    OS_TaskIdle                              0x080064fb   Thumb Code    34  os_core.o(.text)
    OS_MemClr                                0x08006555   Thumb Code    18  os_core.o(.text)
    OSInit                                   0x08006673   Thumb Code    44  os_core.o(.text)
    OSIntEnter                               0x0800669f   Thumb Code    28  os_core.o(.text)
    OSIntExit                                0x080066d5   Thumb Code   112  os_core.o(.text)
    OSSchedLock                              0x08006745   Thumb Code    50  os_core.o(.text)
    OS_Sched                                 0x08006777   Thumb Code    88  os_core.o(.text)
    OSSchedUnlock                            0x080067cf   Thumb Code   230  os_core.o(.text)
    OSStart                                  0x080068b5   Thumb Code    48  os_core.o(.text)
    OSStatInit                               0x080068e5   Thumb Code    62  os_core.o(.text)
    OSTimeTick                               0x08006923   Thumb Code   218  os_core.o(.text)
    OSVersion                                0x080069fd   Thumb Code     6  os_core.o(.text)
    OS_Dummy                                 0x08006a03   Thumb Code     2  os_core.o(.text)
    OS_EventTaskRemove                       0x08006a05   Thumb Code    50  os_core.o(.text)
    OS_EventTaskRdy                          0x08006a37   Thumb Code   124  os_core.o(.text)
    OS_EventTaskWait                         0x08006ab3   Thumb Code   120  os_core.o(.text)
    OS_EventWaitListInit                     0x08006b2b   Thumb Code    28  os_core.o(.text)
    OS_MemCopy                               0x08006b47   Thumb Code    20  os_core.o(.text)
    OS_StrLen                                0x08006b5b   Thumb Code    20  os_core.o(.text)
    OS_TCBInit                               0x08006b6f   Thumb Code   366  os_core.o(.text)
    OSFlagAccept                             0x08006cdd   Thumb Code   268  os_flag.o(.text)
    OSFlagCreate                             0x08006de9   Thumb Code    86  os_flag.o(.text)
    OS_FlagUnlink                            0x08006e3f   Thumb Code    36  os_flag.o(.text)
    OSFlagDel                                0x08006ec3   Thumb Code   214  os_flag.o(.text)
    OSFlagNameGet                            0x08006f99   Thumb Code    80  os_flag.o(.text)
    OSFlagNameSet                            0x08006fe9   Thumb Code    66  os_flag.o(.text)
    OSFlagPend                               0x080070d3   Thumb Code   632  os_flag.o(.text)
    OSFlagPendGetFlagsRdy                    0x0800734b   Thumb Code    26  os_flag.o(.text)
    OSFlagPost                               0x08007365   Thumb Code   324  os_flag.o(.text)
    OSFlagQuery                              0x080074a9   Thumb Code    48  os_flag.o(.text)
    OS_FlagInit                              0x080074d9   Thumb Code    78  os_flag.o(.text)
    OSMboxAccept                             0x08007535   Thumb Code    38  os_mbox.o(.text)
    OSMboxCreate                             0x0800755b   Thumb Code    68  os_mbox.o(.text)
    OSMboxDel                                0x0800759f   Thumb Code   200  os_mbox.o(.text)
    OSMboxPend                               0x08007667   Thumb Code   246  os_mbox.o(.text)
    OSMboxPendAbort                          0x0800775d   Thumb Code   128  os_mbox.o(.text)
    OSMboxPost                               0x080077dd   Thumb Code    80  os_mbox.o(.text)
    OSMboxPostOpt                            0x0800782d   Thumb Code   120  os_mbox.o(.text)
    OSMboxQuery                              0x080078a5   Thumb Code    76  os_mbox.o(.text)
    OSQAccept                                0x08007901   Thumb Code    88  os_q.o(.text)
    OSQCreate                                0x08007959   Thumb Code   140  os_q.o(.text)
    OSQDel                                   0x080079e5   Thumb Code   236  os_q.o(.text)
    OSQFlush                                 0x08007ad1   Thumb Code    36  os_q.o(.text)
    OSQPend                                  0x08007af5   Thumb Code   272  os_q.o(.text)
    OSQPendAbort                             0x08007c05   Thumb Code   128  os_q.o(.text)
    OSQPost                                  0x08007c85   Thumb Code   114  os_q.o(.text)
    OSQPostFront                             0x08007cf7   Thumb Code   138  os_q.o(.text)
    OSQPostOpt                               0x08007d81   Thumb Code   182  os_q.o(.text)
    OSQQuery                                 0x08007e37   Thumb Code    98  os_q.o(.text)
    OS_QInit                                 0x08007e99   Thumb Code    72  os_q.o(.text)
    OSSemAccept                              0x08007ee9   Thumb Code    42  os_sem.o(.text)
    OSSemCreate                              0x08007f13   Thumb Code    68  os_sem.o(.text)
    OSSemDel                                 0x08007f57   Thumb Code   200  os_sem.o(.text)
    OSSemPend                                0x0800801f   Thumb Code   222  os_sem.o(.text)
    OSSemPendAbort                           0x080080fd   Thumb Code   128  os_sem.o(.text)
    OSSemPost                                0x0800817d   Thumb Code    88  os_sem.o(.text)
    OSSemQuery                               0x080081d5   Thumb Code    76  os_sem.o(.text)
    OSSemSet                                 0x08008221   Thumb Code    66  os_sem.o(.text)
    OSTaskChangePrio                         0x08008275   Thumb Code   324  os_task.o(.text)
    OSTaskCreate                             0x080083b9   Thumb Code   146  os_task.o(.text)
    OS_TaskStkClr                            0x0800844b   Thumb Code    26  os_task.o(.text)
    OSTaskCreateExt                          0x08008465   Thumb Code   170  os_task.o(.text)
    OSTaskDel                                0x0800850f   Thumb Code   302  os_task.o(.text)
    OSTaskDelReq                             0x0800863d   Thumb Code   146  os_task.o(.text)
    OSTaskNameGet                            0x080086cf   Thumb Code   114  os_task.o(.text)
    OSTaskNameSet                            0x08008741   Thumb Code    98  os_task.o(.text)
    OSTaskResume                             0x080087a3   Thumb Code   160  os_task.o(.text)
    OSTaskStkChk                             0x08008843   Thumb Code   132  os_task.o(.text)
    OSTaskSuspend                            0x080088c7   Thumb Code   160  os_task.o(.text)
    OSTaskQuery                              0x08008967   Thumb Code    82  os_task.o(.text)
    OSTaskRegGet                             0x080089b9   Thumb Code    60  os_task.o(.text)
    OSTaskRegSet                             0x080089f5   Thumb Code    62  os_task.o(.text)
    OS_TaskReturn                            0x08008a33   Thumb Code    18  os_task.o(.text)
    OSTimeDly                                0x08008a5d   Thumb Code   108  os_time.o(.text)
    OSTimeDlyHMSM                            0x08008ac9   Thumb Code    86  os_time.o(.text)
    OSTimeDlyResume                          0x08008b1f   Thumb Code   176  os_time.o(.text)
    OSTimeGet                                0x08008bcf   Thumb Code    24  os_time.o(.text)
    OSTimeSet                                0x08008be7   Thumb Code    24  os_time.o(.text)
    OSInitHookBegin                          0x08008c1d   Thumb Code     2  os_cpu_c.o(.text)
    OSInitHookEnd                            0x08008c1f   Thumb Code     2  os_cpu_c.o(.text)
    OSTaskCreateHook                         0x08008c21   Thumb Code     2  os_cpu_c.o(.text)
    OSTaskDelHook                            0x08008c23   Thumb Code     2  os_cpu_c.o(.text)
    OSTaskIdleHook                           0x08008c25   Thumb Code     2  os_cpu_c.o(.text)
    OSTaskStatHook                           0x08008c27   Thumb Code     2  os_cpu_c.o(.text)
    OSTaskStkInit                            0x08008c29   Thumb Code   154  os_cpu_c.o(.text)
    OSTaskSwHook                             0x08008cc3   Thumb Code     2  os_cpu_c.o(.text)
    OSTCBInitHook                            0x08008cc5   Thumb Code     2  os_cpu_c.o(.text)
    OSTimeTickHook                           0x08008cc7   Thumb Code     2  os_cpu_c.o(.text)
    OSTaskReturnHook                         0x08008cc9   Thumb Code     2  os_cpu_c.o(.text)
    OS_CPU_SR_Save                           0x08008ccd   Thumb Code     0  os_cpu_a.o(.text)
    OS_CPU_SR_Restore                        0x08008cd5   Thumb Code     0  os_cpu_a.o(.text)
    OSStartHighRdy                           0x08008cdb   Thumb Code     0  os_cpu_a.o(.text)
    OSCtxSw                                  0x08008cfd   Thumb Code     0  os_cpu_a.o(.text)
    OSIntCtxSw                               0x08008d0b   Thumb Code     0  os_cpu_a.o(.text)
    PendSV_Handler                           0x08008d1b   Thumb Code     0  os_cpu_a.o(.text)
    __use_no_semihosting                     0x08008d81   Thumb Code     2  use_no_semi_2.o(.text)
    __2printf                                0x08008d85   Thumb Code    20  noretval__2printf.o(.text)
    _printf_pre_padding                      0x08008d9d   Thumb Code    44  _printf_pad.o(.text)
    _printf_post_padding                     0x08008dc9   Thumb Code    36  _printf_pad.o(.text)
    _printf_str                              0x08008ded   Thumb Code    82  _printf_str.o(.text)
    _printf_int_dec                          0x08008e41   Thumb Code    98  _printf_dec.o(.text)
    _printf_int_hex                          0x08008eb5   Thumb Code    88  _printf_hex_int.o(.text)
    _printf_longlong_hex                     0x08008eb5   Thumb Code     0  _printf_hex_int.o(.text)
    __printf                                 0x08008f11   Thumb Code   406  __printf_flags_ss_wp.o(.text)
    __use_two_region_memory                  0x080090ad   Thumb Code     2  heapauxi.o(.text)
    __rt_heap_escrow$2region                 0x080090af   Thumb Code     2  heapauxi.o(.text)
    __rt_heap_expand$2region                 0x080090b1   Thumb Code     2  heapauxi.o(.text)
    __I$use$semihosting                      0x080090b3   Thumb Code     0  use_no_semi.o(.text)
    __use_no_semihosting_swi                 0x080090b3   Thumb Code     2  use_no_semi.o(.text)
    __read_errno                             0x080090b5   Thumb Code    10  _rserrno.o(.text)
    __set_errno                              0x080090bf   Thumb Code    12  _rserrno.o(.text)
    _printf_int_common                       0x080090cb   Thumb Code   180  _printf_intcommon.o(.text)
    _printf_cs_common                        0x0800917f   Thumb Code    20  _printf_char.o(.text)
    _printf_char                             0x08009193   Thumb Code    16  _printf_char.o(.text)
    _printf_string                           0x080091a3   Thumb Code     8  _printf_char.o(.text)
    _printf_char_file                        0x080091ad   Thumb Code    32  _printf_char_file.o(.text)
    __rt_udiv10                              0x080091d1   Thumb Code    16  rtudiv10.o(.text)
    __aeabi_errno_addr                       0x080091e1   Thumb Code    12  rt_errno_addr_intlibspace.o(.text)
    __errno$intlibspace                      0x080091e1   Thumb Code     0  rt_errno_addr_intlibspace.o(.text)
    __rt_errno_addr$intlibspace              0x080091e1   Thumb Code     0  rt_errno_addr_intlibspace.o(.text)
    _printf_char_common                      0x080091f7   Thumb Code    32  _printf_char_common.o(.text)
    ferror                                   0x0800921d   Thumb Code     8  ferror.o(.text)
    __user_libspace                          0x08009225   Thumb Code     8  libspace.o(.text)
    __user_perproc_libspace                  0x08009225   Thumb Code     0  libspace.o(.text)
    __user_perthread_libspace                0x08009225   Thumb Code     0  libspace.o(.text)
    __user_setup_stackheap                   0x0800922d   Thumb Code    74  sys_stackheap_outer.o(.text)
    exit                                     0x08009277   Thumb Code    12  exit.o(.text)
    __rt_fp_status_addr                      0x08009285   Thumb Code    12  rt_fp_status_addr_intlibspace.o(.text)
    sqrt                                     0x08009291   Thumb Code    74  sqrt.o(i.sqrt)
    __aeabi_d2f                              0x080092dd   Thumb Code     0  d2f.o(x$fpl$d2f)
    _d2f                                     0x080092dd   Thumb Code    98  d2f.o(x$fpl$d2f)
    __fpl_dcmp_Inf                           0x0800933f   Thumb Code    24  dcmpi.o(x$fpl$dcmpinf)
    __aeabi_ddiv                             0x08009359   Thumb Code     0  ddiv.o(x$fpl$ddiv)
    _ddiv                                    0x08009359   Thumb Code   552  ddiv.o(x$fpl$ddiv)
    __aeabi_d2uiz                            0x08009609   Thumb Code     0  dfixu.o(x$fpl$dfixu)
    _dfixu                                   0x08009609   Thumb Code    90  dfixu.o(x$fpl$dfixu)
    __aeabi_ui2d                             0x08009663   Thumb Code     0  dflt_clz.o(x$fpl$dfltu)
    _dfltu                                   0x08009663   Thumb Code    38  dflt_clz.o(x$fpl$dfltu)
    __aeabi_cdcmple                          0x08009689   Thumb Code     0  dleqf.o(x$fpl$dleqf)
    _dcmple                                  0x08009689   Thumb Code   120  dleqf.o(x$fpl$dleqf)
    __fpl_dcmple_InfNaN                      0x080096eb   Thumb Code     0  dleqf.o(x$fpl$dleqf)
    __fpl_dnaninf                            0x08009701   Thumb Code   156  dnaninf.o(x$fpl$dnaninf)
    __fpl_dretinf                            0x0800979d   Thumb Code    12  dretinf.o(x$fpl$dretinf)
    __aeabi_cdrcmple                         0x080097a9   Thumb Code     0  drleqf.o(x$fpl$drleqf)
    _drcmple                                 0x080097a9   Thumb Code   108  drleqf.o(x$fpl$drleqf)
    _dsqrt                                   0x08009815   Thumb Code   456  dsqrt_noumaal.o(x$fpl$dsqrt)
    __aeabi_f2d                              0x080099e1   Thumb Code     0  f2d.o(x$fpl$f2d)
    _f2d                                     0x080099e1   Thumb Code    86  f2d.o(x$fpl$f2d)
    __aeabi_fadd                             0x08009a39   Thumb Code     0  faddsub_clz.o(x$fpl$fadd)
    _fadd                                    0x08009a39   Thumb Code   196  faddsub_clz.o(x$fpl$fadd)
    __aeabi_fdiv                             0x08009afd   Thumb Code     0  fdiv.o(x$fpl$fdiv)
    _fdiv                                    0x08009afd   Thumb Code   384  fdiv.o(x$fpl$fdiv)
    __aeabi_f2iz                             0x08009c81   Thumb Code     0  ffix.o(x$fpl$ffix)
    _ffix                                    0x08009c81   Thumb Code    54  ffix.o(x$fpl$ffix)
    __aeabi_f2uiz                            0x08009cb9   Thumb Code     0  ffixu.o(x$fpl$ffixu)
    _ffixu                                   0x08009cb9   Thumb Code    62  ffixu.o(x$fpl$ffixu)
    __aeabi_i2f                              0x08009cf9   Thumb Code     0  fflt_clz.o(x$fpl$fflt)
    _fflt                                    0x08009cf9   Thumb Code    48  fflt_clz.o(x$fpl$fflt)
    __aeabi_ui2f                             0x08009d29   Thumb Code     0  fflt_clz.o(x$fpl$ffltu)
    _ffltu                                   0x08009d29   Thumb Code    38  fflt_clz.o(x$fpl$ffltu)
    __aeabi_fmul                             0x08009d51   Thumb Code     0  fmul.o(x$fpl$fmul)
    _fmul                                    0x08009d51   Thumb Code   258  fmul.o(x$fpl$fmul)
    __fpl_fnaninf                            0x08009e53   Thumb Code   140  fnaninf.o(x$fpl$fnaninf)
    _fp_init                                 0x08009edf   Thumb Code    14  fpinit.o(x$fpl$fpinit)
    __fplib_config_pureend_doubles           0x08009eeb   Thumb Code     0  fpinit.o(x$fpl$fpinit)
    __fpl_fretinf                            0x08009eed   Thumb Code    10  fretinf.o(x$fpl$fretinf)
    __aeabi_frsub                            0x08009ef7   Thumb Code     0  faddsub_clz.o(x$fpl$frsb)
    _frsb                                    0x08009ef7   Thumb Code    20  faddsub_clz.o(x$fpl$frsb)
    __aeabi_fsub                             0x08009f0d   Thumb Code     0  faddsub_clz.o(x$fpl$fsub)
    _fsub                                    0x08009f0d   Thumb Code   234  faddsub_clz.o(x$fpl$fsub)
    __I$use$fp                               0x08009ff7   Thumb Code     0  usenofp.o(x$fpl$usenofp)
    asc2_1206                                0x08009ff6   Data        1140  ili93xx.o(.constdata)
    asc2_1608                                0x0800a46a   Data        1520  ili93xx.o(.constdata)
    table_week                               0x0800aa5a   Data          12  rtc.o(.constdata)
    mon_table                                0x0800aa66   Data          12  rtc.o(.constdata)
    OSUnMapTbl                               0x0800aa72   Data         256  os_core.o(.constdata)
    Region$$Table$$Base                      0x0800ad58   Number         0  anon$$obj.o(Region$$Table)
    Region$$Table$$Limit                     0x0800ad78   Number         0  anon$$obj.o(Region$$Table)
    msg_key                                  0x20000000   Data           4  test.o(.data)
    sem_beep                                 0x20000004   Data           4  test.o(.data)
    USART_RX_STA                             0x2000000c   Data           2  usart.o(.data)
    __stdout                                 0x20000010   Data           4  usart.o(.data)
    WWDG_CNT                                 0x20000015   Data           1  wdg.o(.data)
    TIM5CH1_CAPTURE_STA                      0x20000016   Data           1  timer.o(.data)
    TIM5CH1_CAPTURE_VAL                      0x20000018   Data           2  timer.o(.data)
    POINT_COLOR                              0x2000001a   Data           2  ili93xx.o(.data)
    BACK_COLOR                               0x2000001c   Data           2  ili93xx.o(.data)
    RS485_RX_CNT                             0x20000020   Data           1  rs485.o(.data)
    tp_dev                                   0x20000024   Data          40  touch.o(.data)
    CMD_RDX                                  0x2000004c   Data           1  touch.o(.data)
    CMD_RDY                                  0x2000004d   Data           1  touch.o(.data)
    TP_REMIND_MSG_TBL                        0x20000050   Data           4  touch.o(.data)
    sys_cmd_tab                              0x20000054   Data          24  usmart.o(.data)
    usmart_nametab                           0x2000006c   Data          64  usmart_config.o(.data)
    usmart_dev                               0x200000ac   Data         236  usmart_config.o(.data)
    OSCtxSwCtr                               0x20000198   Data           4  os_core.o(.data)
    OSEventFreeList                          0x2000019c   Data           4  os_core.o(.data)
    OSFlagFreeList                           0x200001a0   Data           4  os_core.o(.data)
    OSCPUUsage                               0x200001a4   Data           1  os_core.o(.data)
    OSIdleCtrMax                             0x200001a8   Data           4  os_core.o(.data)
    OSIdleCtrRun                             0x200001ac   Data           4  os_core.o(.data)
    OSStatRdy                                0x200001b0   Data           1  os_core.o(.data)
    OSIntNesting                             0x200001b1   Data           1  os_core.o(.data)
    OSLockNesting                            0x200001b2   Data           1  os_core.o(.data)
    OSPrioCur                                0x200001b3   Data           1  os_core.o(.data)
    OSPrioHighRdy                            0x200001b4   Data           1  os_core.o(.data)
    OSRdyGrp                                 0x200001b5   Data           1  os_core.o(.data)
    OSRdyTbl                                 0x200001b6   Data           8  os_core.o(.data)
    OSRunning                                0x200001be   Data           1  os_core.o(.data)
    OSTaskCtr                                0x200001bf   Data           1  os_core.o(.data)
    OSIdleCtr                                0x200001c0   Data           4  os_core.o(.data)
    OSTCBCur                                 0x200001c4   Data           4  os_core.o(.data)
    OSTCBFreeList                            0x200001c8   Data           4  os_core.o(.data)
    OSTCBHighRdy                             0x200001cc   Data           4  os_core.o(.data)
    OSTCBList                                0x200001d0   Data           4  os_core.o(.data)
    OSTickStepState                          0x200001d4   Data           1  os_core.o(.data)
    OSQFreeList                              0x200001d8   Data           4  os_core.o(.data)
    OSTime                                   0x200001dc   Data           4  os_core.o(.data)
    START_TASK_STK                           0x200001e0   Data         256  test.o(.bss)
    LED_TASK_STK                             0x200002e0   Data         256  test.o(.bss)
    TOUCH_TASK_STK                           0x200003e0   Data         256  test.o(.bss)
    BEEP_TASK_STK                            0x200004e0   Data         256  test.o(.bss)
    MAIN_TASK_STK                            0x200005e0   Data         512  test.o(.bss)
    KEY_TASK_STK                             0x200007e0   Data         256  test.o(.bss)
    USART_RX_BUF                             0x200008e0   Data         200  usart.o(.bss)
    lcddev                                   0x200009a8   Data          10  ili93xx.o(.bss)
    calendar                                 0x200009b2   Data          10  rtc.o(.bss)
    RS485_RX_BUF                             0x200009bc   Data          64  rs485.o(.bss)
    OSEventTbl                               0x200009fc   Data         200  os_core.o(.bss)
    OSFlagTbl                                0x20000ac4   Data          80  os_core.o(.bss)
    OSTaskStatStk                            0x20000b14   Data         512  os_core.o(.bss)
    OSTaskIdleStk                            0x20000d14   Data         512  os_core.o(.bss)
    OSTCBPrioTbl                             0x20000f14   Data         256  os_core.o(.bss)
    OSTCBTbl                                 0x20001014   Data        1008  os_core.o(.bss)
    OSQTbl                                   0x20001404   Data         120  os_core.o(.bss)
    __libspace_start                         0x2000147c   Data          96  libspace.o(.bss)
    __temporary_stack_top$libspace           0x200014dc   Data           0  libspace.o(.bss)



==============================================================================

Memory Map of the image

  Image Entry point : 0x08000131

  Load Region LR_IROM1 (Base: 0x08000000, Size: 0x0000af58, Max: 0x00080000, ABSOLUTE, COMPRESSED[0x0000adf8])

    Execution Region ER_IROM1 (Base: 0x08000000, Size: 0x0000ad78, Max: 0x00080000, ABSOLUTE)

    Base Addr    Size         Type   Attr      Idx    E Section Name        Object

    0x08000000   0x00000130   Data   RO            3    RESET               startup_stm32f10x_hd.o
    0x08000130   0x00000008   Code   RO          815  * !!!main             c_w.l(__main.o)(c_w.l)
    0x08000138   0x00000034   Code   RO         1070    !!!scatter          c_w.l(__scatter.o)(c_w.l)
    0x0800016c   0x0000005a   Code   RO         1068    !!dczerorl2         c_w.l(__dczerorl2.o)(c_w.l)
    0x080001c6   0x00000002   PAD
    0x080001c8   0x0000001c   Code   RO         1072    !!handler_zi        c_w.l(__scatter_zi.o)(c_w.l)
    0x080001e4   0x00000000   Code   RO          812    .ARM.Collect$$_printf_percent$$00000000  c_w.l(_printf_percent.o)(c_w.l)
    0x080001e4   0x00000006   Code   RO          810    .ARM.Collect$$_printf_percent$$00000009  c_w.l(_printf_d.o)(c_w.l)
    0x080001ea   0x00000006   Code   RO          811    .ARM.Collect$$_printf_percent$$0000000A  c_w.l(_printf_u.o)(c_w.l)
    0x080001f0   0x00000006   Code   RO          809    .ARM.Collect$$_printf_percent$$0000000C  c_w.l(_printf_x.o)(c_w.l)
    0x080001f6   0x00000006   Code   RO          807    .ARM.Collect$$_printf_percent$$00000013  c_w.l(_printf_c.o)(c_w.l)
    0x080001fc   0x00000006   Code   RO          808    .ARM.Collect$$_printf_percent$$00000014  c_w.l(_printf_s.o)(c_w.l)
    0x08000202   0x00000004   Code   RO          885    .ARM.Collect$$_printf_percent$$00000017  c_w.l(_printf_percent_end.o)(c_w.l)
    0x08000206   0x00000006   Code   RO          945    .ARM.Collect$$libinit$$00000000  c_w.l(libinit.o)(c_w.l)
    0x0800020c   0x00000000   Code   RO          950    .ARM.Collect$$libinit$$00000006  c_w.l(libinit2.o)(c_w.l)
    0x0800020c   0x00000000   Code   RO          952    .ARM.Collect$$libinit$$00000008  c_w.l(libinit2.o)(c_w.l)
    0x0800020c   0x00000000   Code   RO          954    .ARM.Collect$$libinit$$0000000A  c_w.l(libinit2.o)(c_w.l)
    0x0800020c   0x00000000   Code   RO          957    .ARM.Collect$$libinit$$0000000D  c_w.l(libinit2.o)(c_w.l)
    0x0800020c   0x00000000   Code   RO          959    .ARM.Collect$$libinit$$0000000F  c_w.l(libinit2.o)(c_w.l)
    0x0800020c   0x00000000   Code   RO          961    .ARM.Collect$$libinit$$00000011  c_w.l(libinit2.o)(c_w.l)
    0x0800020c   0x00000000   Code   RO          963    .ARM.Collect$$libinit$$00000013  c_w.l(libinit2.o)(c_w.l)
    0x0800020c   0x00000000   Code   RO          965    .ARM.Collect$$libinit$$00000015  c_w.l(libinit2.o)(c_w.l)
    0x0800020c   0x00000000   Code   RO          967    .ARM.Collect$$libinit$$00000017  c_w.l(libinit2.o)(c_w.l)
    0x0800020c   0x00000000   Code   RO          969    .ARM.Collect$$libinit$$00000019  c_w.l(libinit2.o)(c_w.l)
    0x0800020c   0x00000000   Code   RO          971    .ARM.Collect$$libinit$$0000001B  c_w.l(libinit2.o)(c_w.l)
    0x0800020c   0x00000000   Code   RO          973    .ARM.Collect$$libinit$$0000001D  c_w.l(libinit2.o)(c_w.l)
    0x0800020c   0x00000000   Code   RO          975    .ARM.Collect$$libinit$$0000001F  c_w.l(libinit2.o)(c_w.l)
    0x0800020c   0x00000000   Code   RO          977    .ARM.Collect$$libinit$$00000021  c_w.l(libinit2.o)(c_w.l)
    0x0800020c   0x00000000   Code   RO          981    .ARM.Collect$$libinit$$00000028  c_w.l(libinit2.o)(c_w.l)
    0x0800020c   0x00000000   Code   RO          983    .ARM.Collect$$libinit$$0000002A  c_w.l(libinit2.o)(c_w.l)
    0x0800020c   0x00000000   Code   RO          985    .ARM.Collect$$libinit$$0000002C  c_w.l(libinit2.o)(c_w.l)
    0x0800020c   0x00000000   Code   RO          987    .ARM.Collect$$libinit$$0000002E  c_w.l(libinit2.o)(c_w.l)
    0x0800020c   0x00000002   Code   RO          988    .ARM.Collect$$libinit$$0000002F  c_w.l(libinit2.o)(c_w.l)
    0x0800020e   0x00000002   Code   RO         1012    .ARM.Collect$$libshutdown$$00000000  c_w.l(libshutdown.o)(c_w.l)
    0x08000210   0x00000000   Code   RO         1023    .ARM.Collect$$libshutdown$$00000003  c_w.l(libshutdown2.o)(c_w.l)
    0x08000210   0x00000000   Code   RO         1026    .ARM.Collect$$libshutdown$$00000006  c_w.l(libshutdown2.o)(c_w.l)
    0x08000210   0x00000000   Code   RO         1029    .ARM.Collect$$libshutdown$$00000009  c_w.l(libshutdown2.o)(c_w.l)
    0x08000210   0x00000000   Code   RO         1031    .ARM.Collect$$libshutdown$$0000000B  c_w.l(libshutdown2.o)(c_w.l)
    0x08000210   0x00000000   Code   RO         1034    .ARM.Collect$$libshutdown$$0000000E  c_w.l(libshutdown2.o)(c_w.l)
    0x08000210   0x00000002   Code   RO         1035    .ARM.Collect$$libshutdown$$0000000F  c_w.l(libshutdown2.o)(c_w.l)
    0x08000212   0x00000000   Code   RO          875    .ARM.Collect$$rtentry$$00000000  c_w.l(rtentry.o)(c_w.l)
    0x08000212   0x00000000   Code   RO          902    .ARM.Collect$$rtentry$$00000002  c_w.l(rtentry2.o)(c_w.l)
    0x08000212   0x00000006   Code   RO          917    .ARM.Collect$$rtentry$$00000004  c_w.l(rtentry4.o)(c_w.l)
    0x08000218   0x00000000   Code   RO          904    .ARM.Collect$$rtentry$$00000009  c_w.l(rtentry2.o)(c_w.l)
    0x08000218   0x00000004   Code   RO          905    .ARM.Collect$$rtentry$$0000000A  c_w.l(rtentry2.o)(c_w.l)
    0x0800021c   0x00000000   Code   RO          907    .ARM.Collect$$rtentry$$0000000C  c_w.l(rtentry2.o)(c_w.l)
    0x0800021c   0x00000008   Code   RO          908    .ARM.Collect$$rtentry$$0000000D  c_w.l(rtentry2.o)(c_w.l)
    0x08000224   0x00000002   Code   RO          946    .ARM.Collect$$rtexit$$00000000  c_w.l(rtexit.o)(c_w.l)
    0x08000226   0x00000000   Code   RO          992    .ARM.Collect$$rtexit$$00000002  c_w.l(rtexit2.o)(c_w.l)
    0x08000226   0x00000004   Code   RO          993    .ARM.Collect$$rtexit$$00000003  c_w.l(rtexit2.o)(c_w.l)
    0x0800022a   0x00000006   Code   RO          994    .ARM.Collect$$rtexit$$00000004  c_w.l(rtexit2.o)(c_w.l)
    0x08000230   0x0000000c   Code   RO          170    .emb_text           sys.o
    0x0800023c   0x00000048   Code   RO            4    .text               startup_stm32f10x_hd.o
    0x08000284   0x00000410   Code   RO           10    .text               test.o
    0x08000694   0x00000100   Code   RO          156    .text               delay.o
    0x08000794   0x00000308   Code   RO          171    .text               sys.o
    0x08000a9c   0x000001a8   Code   RO          186    .text               usart.o
    0x08000c44   0x00000080   Code   RO          209    .text               led.o
    0x08000cc4   0x00000044   Code   RO          221    .text               beep.o
    0x08000d08   0x0000011c   Code   RO          233    .text               key.o
    0x08000e24   0x00000100   Code   RO          246    .text               exti.o
    0x08000f24   0x00000110   Code   RO          262    .text               wdg.o
    0x08001034   0x00000380   Code   RO          277    .text               timer.o
    0x080013b4   0x00002444   Code   RO          332    .text               ili93xx.o
    0x080037f8   0x000004a4   Code   RO          359    .text               rtc.o
    0x08003c9c   0x000000e4   Code   RO          379    .text               wkup.o
    0x08003d80   0x000000e8   Code   RO          403    .text               dac.o
    0x08003e68   0x000002b8   Code   RO          430    .text               myiic.o
    0x08004120   0x0000017a   Code   RO          442    .text               24cxx.o
    0x0800429a   0x00000002   PAD
    0x0800429c   0x000001f8   Code   RO          488    .text               rs485.o
    0x08004494   0x00000f80   Code   RO          519    .text               touch.o
    0x08005414   0x00000ae8   Code   RO          542    .text               usmart.o
    0x08005efc   0x0000051c   Code   RO          599    .text               usmart_str.o
    0x08006418   0x000008c4   Code   RO          611    .text               os_core.o
    0x08006cdc   0x00000858   Code   RO          631    .text               os_flag.o
    0x08007534   0x000003cc   Code   RO          643    .text               os_mbox.o
    0x08007900   0x000005e8   Code   RO          673    .text               os_q.o
    0x08007ee8   0x0000038c   Code   RO          685    .text               os_sem.o
    0x08008274   0x000007e8   Code   RO          697    .text               os_task.o
    0x08008a5c   0x000001c0   Code   RO          709    .text               os_time.o
    0x08008c1c   0x000000ae   Code   RO          727    .text               os_cpu_c.o
    0x08008cca   0x00000002   PAD
    0x08008ccc   0x000000b4   Code   RO          749    .text               os_cpu_a.o
    0x08008d80   0x00000002   Code   RO          754    .text               c_w.l(use_no_semi_2.o)(c_w.l)
    0x08008d82   0x00000002   PAD
    0x08008d84   0x00000018   Code   RO          758    .text               c_w.l(noretval__2printf.o)(c_w.l)
    0x08008d9c   0x00000050   Code   RO          762    .text               c_w.l(_printf_pad.o)(c_w.l)
    0x08008dec   0x00000052   Code   RO          764    .text               c_w.l(_printf_str.o)(c_w.l)
    0x08008e3e   0x00000002   PAD
    0x08008e40   0x00000074   Code   RO          766    .text               c_w.l(_printf_dec.o)(c_w.l)
    0x08008eb4   0x0000005c   Code   RO          771    .text               c_w.l(_printf_hex_int.o)(c_w.l)
    0x08008f10   0x0000019c   Code   RO          804    .text               c_w.l(__printf_flags_ss_wp.o)(c_w.l)
    0x080090ac   0x00000006   Code   RO          813    .text               c_w.l(heapauxi.o)(c_w.l)
    0x080090b2   0x00000002   Code   RO          873    .text               c_w.l(use_no_semi.o)(c_w.l)
    0x080090b4   0x00000016   Code   RO          877    .text               c_w.l(_rserrno.o)(c_w.l)
    0x080090ca   0x000000b4   Code   RO          879    .text               c_w.l(_printf_intcommon.o)(c_w.l)
    0x0800917e   0x0000002c   Code   RO          881    .text               c_w.l(_printf_char.o)(c_w.l)
    0x080091aa   0x00000002   PAD
    0x080091ac   0x00000024   Code   RO          883    .text               c_w.l(_printf_char_file.o)(c_w.l)
    0x080091d0   0x00000010   Code   RO          886    .text               c_w.l(rtudiv10.o)(c_w.l)
    0x080091e0   0x0000000c   Code   RO          922    .text               c_w.l(rt_errno_addr_intlibspace.o)(c_w.l)
    0x080091ec   0x00000030   Code   RO          924    .text               c_w.l(_printf_char_common.o)(c_w.l)
    0x0800921c   0x00000008   Code   RO          926    .text               c_w.l(ferror.o)(c_w.l)
    0x08009224   0x00000008   Code   RO          930    .text               c_w.l(libspace.o)(c_w.l)
    0x0800922c   0x0000004a   Code   RO          933    .text               c_w.l(sys_stackheap_outer.o)(c_w.l)
    0x08009276   0x0000000c   Code   RO          937    .text               c_w.l(exit.o)(c_w.l)
    0x08009282   0x00000002   PAD
    0x08009284   0x0000000c   Code   RO         1002    .text               c_w.l(rt_fp_status_addr_intlibspace.o)(c_w.l)
    0x08009290   0x0000004a   Code   RO          866    i.sqrt              m_ws.l(sqrt.o)(m_ws.l)
    0x080092da   0x00000002   PAD
    0x080092dc   0x00000062   Code   RO          817    x$fpl$d2f           fz_ws.l(d2f.o)(fz_ws.l)
    0x0800933e   0x00000018   Code   RO          888    x$fpl$dcmpinf       fz_ws.l(dcmpi.o)(fz_ws.l)
    0x08009356   0x00000002   PAD
    0x08009358   0x000002b0   Code   RO          820    x$fpl$ddiv          fz_ws.l(ddiv.o)(fz_ws.l)
    0x08009608   0x0000005a   Code   RO          823    x$fpl$dfixu         fz_ws.l(dfixu.o)(fz_ws.l)
    0x08009662   0x00000026   Code   RO          827    x$fpl$dfltu         fz_ws.l(dflt_clz.o)(fz_ws.l)
    0x08009688   0x00000078   Code   RO          833    x$fpl$dleqf         fz_ws.l(dleqf.o)(fz_ws.l)
    0x08009700   0x0000009c   Code   RO          890    x$fpl$dnaninf       fz_ws.l(dnaninf.o)(fz_ws.l)
    0x0800979c   0x0000000c   Code   RO          892    x$fpl$dretinf       fz_ws.l(dretinf.o)(fz_ws.l)
    0x080097a8   0x0000006c   Code   RO          835    x$fpl$drleqf        fz_ws.l(drleqf.o)(fz_ws.l)
    0x08009814   0x000001cc   Code   RO          894    x$fpl$dsqrt         fz_ws.l(dsqrt_noumaal.o)(fz_ws.l)
    0x080099e0   0x00000056   Code   RO          837    x$fpl$f2d           fz_ws.l(f2d.o)(fz_ws.l)
    0x08009a36   0x00000002   PAD
    0x08009a38   0x000000c4   Code   RO          839    x$fpl$fadd          fz_ws.l(faddsub_clz.o)(fz_ws.l)
    0x08009afc   0x00000184   Code   RO          846    x$fpl$fdiv          fz_ws.l(fdiv.o)(fz_ws.l)
    0x08009c80   0x00000036   Code   RO          849    x$fpl$ffix          fz_ws.l(ffix.o)(fz_ws.l)
    0x08009cb6   0x00000002   PAD
    0x08009cb8   0x0000003e   Code   RO          853    x$fpl$ffixu         fz_ws.l(ffixu.o)(fz_ws.l)
    0x08009cf6   0x00000002   PAD
    0x08009cf8   0x00000030   Code   RO          858    x$fpl$fflt          fz_ws.l(fflt_clz.o)(fz_ws.l)
    0x08009d28   0x00000026   Code   RO          857    x$fpl$ffltu         fz_ws.l(fflt_clz.o)(fz_ws.l)
    0x08009d4e   0x00000002   PAD
    0x08009d50   0x00000102   Code   RO          863    x$fpl$fmul          fz_ws.l(fmul.o)(fz_ws.l)
    0x08009e52   0x0000008c   Code   RO          896    x$fpl$fnaninf       fz_ws.l(fnaninf.o)(fz_ws.l)
    0x08009ede   0x0000000e   Code   RO          989    x$fpl$fpinit        fz_ws.l(fpinit.o)(fz_ws.l)
    0x08009eec   0x0000000a   Code   RO          898    x$fpl$fretinf       fz_ws.l(fretinf.o)(fz_ws.l)
    0x08009ef6   0x00000014   Code   RO          840    x$fpl$frsb          fz_ws.l(faddsub_clz.o)(fz_ws.l)
    0x08009f0a   0x00000002   PAD
    0x08009f0c   0x000000ea   Code   RO          841    x$fpl$fsub          fz_ws.l(faddsub_clz.o)(fz_ws.l)
    0x08009ff6   0x00000000   Code   RO          900    x$fpl$usenofp       fz_ws.l(usenofp.o)(fz_ws.l)
    0x08009ff6   0x00000a64   Data   RO          334    .constdata          ili93xx.o
    0x0800aa5a   0x00000018   Data   RO          361    .constdata          rtc.o
    0x0800aa72   0x00000100   Data   RO          613    .constdata          os_core.o
    0x0800ab72   0x00000028   Data   RO          772    .constdata          c_w.l(_printf_hex_int.o)(c_w.l)
    0x0800ab9a   0x00000011   Data   RO          805    .constdata          c_w.l(__printf_flags_ss_wp.o)(c_w.l)
    0x0800abab   0x00000079   Data   RO          520    .conststring        touch.o
    0x0800ac24   0x00000017   Data   RO          543    .conststring        usmart.o
    0x0800ac3b   0x0000011c   Data   RO          578    .conststring        usmart_config.o
    0x0800ad57   0x00000001   PAD
    0x0800ad58   0x00000020   Data   RO         1066    Region$$Table       anon$$obj.o


    Execution Region RW_IRAM1 (Base: 0x20000000, Size: 0x00001ce0, Max: 0x00010000, ABSOLUTE, COMPRESSED[0x00000080])

    Base Addr    Size         Type   Attr      Idx    E Section Name        Object

    0x20000000   0x00000008   Data   RW           12    .data               test.o
    0x20000008   0x00000004   Data   RW          157    .data               delay.o
    0x2000000c   0x00000008   Data   RW          188    .data               usart.o
    0x20000014   0x00000001   Data   RW          234    .data               key.o
    0x20000015   0x00000001   Data   RW          263    .data               wdg.o
    0x20000016   0x00000004   Data   RW          278    .data               timer.o
    0x2000001a   0x00000004   Data   RW          335    .data               ili93xx.o
    0x2000001e   0x00000002   Data   RW          362    .data               rtc.o
    0x20000020   0x00000001   Data   RW          490    .data               rs485.o
    0x20000021   0x00000003   PAD
    0x20000024   0x00000030   Data   RW          521    .data               touch.o
    0x20000054   0x00000018   Data   RW          544    .data               usmart.o
    0x2000006c   0x0000012c   Data   RW          579    .data               usmart_config.o
    0x20000198   0x00000048   Data   RW          614    .data               os_core.o
    0x200001e0   0x00000700   Zero   RW           11    .bss                test.o
    0x200008e0   0x000000c8   Zero   RW          187    .bss                usart.o
    0x200009a8   0x0000000a   Zero   RW          333    .bss                ili93xx.o
    0x200009b2   0x0000000a   Zero   RW          360    .bss                rtc.o
    0x200009bc   0x00000040   Zero   RW          489    .bss                rs485.o
    0x200009fc   0x00000a80   Zero   RW          612    .bss                os_core.o
    0x2000147c   0x00000060   Zero   RW          931    .bss                c_w.l(libspace.o)(c_w.l)
    0x200014dc   0x00000004   PAD
    0x200014e0   0x00000000   Zero   RW            2    HEAP                startup_stm32f10x_hd.o
    0x200014e0   0x00000800   Zero   RW            1    STACK               startup_stm32f10x_hd.o


==============================================================================

Image component sizes


      Code (inc. data)   RO Data    RW Data    ZI Data      Debug   Object Name

       378          0          0          0          0          0   24cxx.o
        68         18          0          0          0          0   beep.o
       232         34          0          0          0          0   dac.o
       256         12          0          4          0          0   delay.o
       256         28          0          0          0          0   exti.o
      9284        162       2660          4         10          0   ili93xx.o
       284         48          0          1          0          0   key.o
       128         18          0          0          0          0   led.o
       696         30          0          0          0          0   myiic.o
      2244        212        256         72       2688          0   os_core.o
       180         36          0          0          0          0   os_cpu_a.o
       174          0          0          0          0          0   os_cpu_c.o
      2136         42          0          0          0          0   os_flag.o
       972         16          0          0          0          0   os_mbox.o
      1512         28          0          0          0          0   os_q.o
       908         18          0          0          0          0   os_sem.o
      2024         70          0          0          0          0   os_task.o
       448         30          0          0          0          0   os_time.o
       504         48          0          1         64          0   rs485.o
      1188         80         24          2         10          0   rtc.o
        72         26        304          0       2048          0   startup_stm32f10x_hd.o
       788         72          0          0          0          0   sys.o
      1040        198          0          8       1792          0   test.o
       896         78          0          4          0          0   timer.o
      3968        230        121         48          0          0   touch.o
       424         42          0          8        200          0   usart.o
      2792       1162         23         24          0          0   usmart.o
         0          0        284        300          0          0   usmart_config.o
      1308         12          0          0          0          0   usmart_str.o
       272         36          0          1          0          0   wdg.o
       228         26          0          0          0          0   wkup.o

    ----------------------------------------------------------------------
     35664       2812       3705        480       6812          0   Object Totals
         0          0         32          0          0          0   (incl. Generated)
         4          0          1          3          0          0   (incl. Padding)

    ----------------------------------------------------------------------

      Code (inc. data)   RO Data    RW Data    ZI Data      Debug   Library Member Name

        90          0          0          0          0          0   __dczerorl2.o
         8          0          0          0          0          0   __main.o
       412          6         17          0          0          0   __printf_flags_ss_wp.o
        52          8          0          0          0          0   __scatter.o
        28          0          0          0          0          0   __scatter_zi.o
         6          0          0          0          0          0   _printf_c.o
        44          0          0          0          0          0   _printf_char.o
        48          6          0          0          0          0   _printf_char_common.o
        36          4          0          0          0          0   _printf_char_file.o
         6          0          0          0          0          0   _printf_d.o
       116         18          0          0          0          0   _printf_dec.o
        92          4         40          0          0          0   _printf_hex_int.o
       180          0          0          0          0          0   _printf_intcommon.o
        80          0          0          0          0          0   _printf_pad.o
         0          0          0          0          0          0   _printf_percent.o
         4          0          0          0          0          0   _printf_percent_end.o
         6          0          0          0          0          0   _printf_s.o
        82          0          0          0          0          0   _printf_str.o
         6          0          0          0          0          0   _printf_u.o
         6          0          0          0          0          0   _printf_x.o
        22          0          0          0          0          0   _rserrno.o
        12          0          0          0          0          0   exit.o
         8          0          0          0          0          0   ferror.o
         6          0          0          0          0          0   heapauxi.o
         6          0          0          0          0          0   libinit.o
         2          0          0          0          0          0   libinit2.o
         2          0          0          0          0          0   libshutdown.o
         2          0          0          0          0          0   libshutdown2.o
         8          4          0          0         96          0   libspace.o
        24          4          0          0          0          0   noretval__2printf.o
        12          4          0          0          0          0   rt_errno_addr_intlibspace.o
        12          4          0          0          0          0   rt_fp_status_addr_intlibspace.o
         0          0          0          0          0          0   rtentry.o
        12          0          0          0          0          0   rtentry2.o
         6          0          0          0          0          0   rtentry4.o
         2          0          0          0          0          0   rtexit.o
        10          0          0          0          0          0   rtexit2.o
        16          0          0          0          0          0   rtudiv10.o
        74          0          0          0          0          0   sys_stackheap_outer.o
         2          0          0          0          0          0   use_no_semi.o
         2          0          0          0          0          0   use_no_semi_2.o
        98          4          0          0          0          0   d2f.o
        24          0          0          0          0          0   dcmpi.o
       688        140          0          0          0          0   ddiv.o
        90          4          0          0          0          0   dfixu.o
        38          0          0          0          0          0   dflt_clz.o
       120          4          0          0          0          0   dleqf.o
       156          4          0          0          0          0   dnaninf.o
        12          0          0          0          0          0   dretinf.o
       108          0          0          0          0          0   drleqf.o
       460         56          0          0          0          0   dsqrt_noumaal.o
        86          4          0          0          0          0   f2d.o
       450          8          0          0          0          0   faddsub_clz.o
       388         76          0          0          0          0   fdiv.o
        54          4          0          0          0          0   ffix.o
        62          4          0          0          0          0   ffixu.o
        86          0          0          0          0          0   fflt_clz.o
       258          4          0          0          0          0   fmul.o
       140          4          0          0          0          0   fnaninf.o
        14          0          0          0          0          0   fpinit.o
        10          0          0          0          0          0   fretinf.o
         0          0          0          0          0          0   usenofp.o
        74          0          0          0          0          0   sqrt.o

    ----------------------------------------------------------------------
      4982        378         57          0        100          0   Library Totals
        24          0          0          0          4          0   (incl. Padding)

    ----------------------------------------------------------------------

      Code (inc. data)   RO Data    RW Data    ZI Data      Debug   Library Name

      1542         62         57          0         96       1860   c_w.l
      3342        316          0          0          0       2016   fz_ws.l
        74          0          0          0          0         84   m_ws.l

    ----------------------------------------------------------------------
      4982        378         57          0        100          0   Library Totals

    ----------------------------------------------------------------------

==============================================================================


      Code (inc. data)   RO Data    RW Data    ZI Data      Debug   

     40646       3190       3762        480       6912     127900   Grand Totals
     40646       3190       3762        128       6912     127900   ELF Image Totals (compressed)
     40646       3190       3762        128          0          0   ROM Totals

==============================================================================

    Total RO  Size (Code + RO Data)                44408 (  43.37kB)
    Total RW  Size (RW Data + ZI Data)              7392 (   7.22kB)
    Total ROM Size (Code + RO Data + RW Data)      44536 (  43.49kB)

==============================================================================

